export const snapshot = {};

snapshot[`Project Delete Command - Help Text 1`] = `
stdout:
"
Usage: delete <projectId>

Writes: true                         
Interactive: true                    
Confirmation required unless: --force
Output modes: human,json             

Description:

  Delete (trash) a Linear project

Options:

  -h, --help   - Show this help.             
  --json       - Output a JSON write result  
  -f, --force  - Skip confirmation prompt    

"
stderr:
""
`;

snapshot[`Project Delete Command - With Force Flag 1`] = `
stdout:
"✓ Deleted project: Deleted Project
"
stderr:
""
`;
