export const snapshot = {};

snapshot[`guide prints the concise index 1`] = `
"内嵌指南：
  core             选择命令、核对工作区、确定查询范围与写入授权
  automation       保存原始依据、执行受保护更新并解释 JSON 写入效果与分页
  issue-authoring  Issue 的责任归属、持久证据、验收依据与后续交接
  issue-delivery   用交付清单组合共享操作，按回执续跑并对账未知结果
  graphql          查询 GraphQL schema、传递变量、完整分页与拆分复杂查询
  doctor           解释只读健康检查的候选，保留判断依据并复查结果
  markdown         通过 API 编写 Linear 提及与可折叠正文，查找真实成员 URL

读取：linear guide <name>
机器输出：linear guide --json
"
`;
