export const snapshot = {};

snapshot[`guide prints the concise index 1`] = `
"Version-matched workflow guides:
  core             选择命令、核对 workspace、确定查询范围与写入授权
  automation       无人值守脚本的输出、分页、URL 查重与写后验证
  issue-authoring  Issue 的责任归属、持久证据、验收依据与后续交接
  issue-delivery   用 manifest 交付 Issue，处理字段冲突、checkpoint 续跑与 unknown 对账
  graphql          查询 schema、传递变量、完整分页与拆分复杂查询
  doctor           选择健康检查范围、解释候选问题并复查治理结果
  markdown         通过 API 编写 Linear 提及与可折叠正文，查找真实成员 URL

read: linear guide <name>
machine-readable: linear guide --json
"
`;
